---
source: src/sam.rs
expression: pos
---
Even(
    EvenPosition(
        [
            (
                OMove {
                    alphabet: Free(
                        "u",
                    ),
                },
                PMove {
                    alphabet: Bound(
                        0,
                    ),
                    pointer: Some(
                        0,
                    ),
                },
            ),
        ],
    ),
)
