---
source: src/gam.rs
expression: psi
---
GAMTree {
    tree: {},
}
